---
source: tests/presenter_pinned.rs
expression: output
---
"┌r─────────────────┐┌active.rs──────────────────────────────────────────────────────┐┌Pinned: [feat/one]─────────────────────────────────────────────┐"
"│                  ││active notice                                                  ││PINNED                                                         │"
"│                  ││ACTIVE needle                                                  ││                                                               │"
"│                  ││active second row                                              ││                                                               │"
"│                  ││                                                               ││                                                               │"
"│                  ││                                                               ││                                                               │"
"│                  ││                                                               ││                                                               │"
"│                  ││                                                               ││                                                               │"
"│                  ││                                                               ││                                                               │"
"└──────────────────┘└─────────────────────────────────────────────────────────? help┘└───────────────────────────────────────────────────────────────┘"
